?- print_errors_examples.

Предложение: 
a attractive pretty nice women looks at the huge book with an cozy candles on the table.

Синтаксический разбор предложения:
Heсогласован артикль 'a'(един.ч.) с существительным 'women'(множ.ч.) в числе.


Предложение: 
a attractive pretty nice woman looks at the huge book with an cozy candles on the table.

Синтаксический разбор предложения:
Heсогласован артикль 'a'(согл.) с прилагательным 'attractive'(гласн.) по первой букве прилагательного.


Предложение: 
an attractive pretty nice women looks at the huge book with an cozy candles on the table.

Синтаксический разбор предложения:
Heсогласован артикль 'an'(един.ч.) с существительным 'women'(множ.ч.) в числе.


Предложение: 
an attractive pretty nice women looks at the huge book with a cozy candles on the table.

Синтаксический разбор предложения:
Heсогласован артикль 'an'(един.ч.) с существительным 'women'(множ.ч.) в числе.


Предложение: 
children carefully playes with these candles.

Синтаксический разбор предложения:
Несогласован глагол 'playes'(един.ч.) с существительным 'children'(множ.ч.) в числе.


Предложение: 
she look at the candles.

Синтаксический разбор предложения:
Несогласован глагол 'look'(множ.ч.) с местоимением 'she'(един.ч.) в числе.



Предложение: 
he likes she with their light cozy candles.

Синтаксический разбор предложения:
Несогласовано местоимение 'she'(cубъект) по форме (нужен: объект).


Предложение: 
he likes her with them light cozy candles.

Синтаксический разбор предложения:
Несогласовано местоимение 'them'(объект) по форме (нужен: притяжат.).


Предложение: 
him likes her with their light cozy candles.

Синтаксический разбор предложения:
Несогласовано местоимение 'him'(объект) по форме (нужен: cубъект).



Предложение: 
the very pretty woman always reads.

Синтаксический разбор предложения:
Heсогласован артикль 'the' с наречием 'very' (определенный артикль не употребляется с наречием).


Предложение: 
a extremely pretty woman always reads.

Синтаксический разбор предложения:
Heсогласован артикль 'a'(согл.) с наречием 'extremely'(гласн.) по первой букве наречия.



Предложение: 
she reads definitely in her room.

Синтаксический разбор предложения:
Несогласовано наречие 'definitely' с глаголом 'reads' (данное наречие должно употребляется перед глаголом).


Предложение: 
she firmly holds an owl.

Синтаксический разбор предложения:
Несогласовано наречие 'firmly' с глаголом 'holds' (данное наречие должно употребляется после глагола).


Предложение: 
she very holds an owl.

Синтаксический разбор предложения:
Несогласовано наречие 'very' с глаголом 'holds' (данное наречие не употребляется с глаголами).



Предложение: 
they like twenty twenty owls.

Синтаксический разбор предложения:
Несогласована группа числительного 'twenty twenty'(недопустимое построение составного числительного).


Предложение: 
they like twenty two owl.

Синтаксический разбор предложения:
Heсогласовано числительное 'twenty two'(множ.ч.) с существительным 'owl'(един.ч.) в числе.
